Archive member included because of file (symbol)

/home/fido/.arduino15/packages/arduino/tools/arm-none-eabi-gcc/4.8.3-2014q1/bin/../lib/gcc/arm-none-eabi/4.8.3/../../../../arm-none-eabi/lib/armv6-m/libc_s.a(lib_a-exit.o)
                              /home/fido/.arduino15/packages/arduino/tools/arm-none-eabi-gcc/4.8.3-2014q1/bin/../lib/gcc/arm-none-eabi/4.8.3/../../../../arm-none-eabi/lib/armv6-m/crt0.o (exit)
/home/fido/.arduino15/packages/arduino/tools/arm-none-eabi-gcc/4.8.3-2014q1/bin/../lib/gcc/arm-none-eabi/4.8.3/../../../../arm-none-eabi/lib/armv6-m/libc_s.a(lib_a-impure.o)
                              /home/fido/.arduino15/packages/arduino/tools/arm-none-eabi-gcc/4.8.3-2014q1/bin/../lib/gcc/arm-none-eabi/4.8.3/../../../../arm-none-eabi/lib/armv6-m/libc_s.a(lib_a-exit.o) (_global_impure_ptr)
/home/fido/.arduino15/packages/arduino/tools/arm-none-eabi-gcc/4.8.3-2014q1/bin/../lib/gcc/arm-none-eabi/4.8.3/../../../../arm-none-eabi/lib/armv6-m/libc_s.a(lib_a-init.o)
                              /home/fido/.arduino15/packages/arduino/tools/arm-none-eabi-gcc/4.8.3-2014q1/bin/../lib/gcc/arm-none-eabi/4.8.3/../../../../arm-none-eabi/lib/armv6-m/crt0.o (__libc_init_array)
/home/fido/.arduino15/packages/arduino/tools/arm-none-eabi-gcc/4.8.3-2014q1/bin/../lib/gcc/arm-none-eabi/4.8.3/../../../../arm-none-eabi/lib/armv6-m/libc_s.a(lib_a-memcpy-stub.o)
                              build/board_driver_usb.o (memcpy)
/home/fido/.arduino15/packages/arduino/tools/arm-none-eabi-gcc/4.8.3-2014q1/bin/../lib/gcc/arm-none-eabi/4.8.3/../../../../arm-none-eabi/lib/armv6-m/libc_s.a(lib_a-memset.o)
                              /home/fido/.arduino15/packages/arduino/tools/arm-none-eabi-gcc/4.8.3-2014q1/bin/../lib/gcc/arm-none-eabi/4.8.3/../../../../arm-none-eabi/lib/armv6-m/crt0.o (memset)
/home/fido/.arduino15/packages/arduino/tools/arm-none-eabi-gcc/4.8.3-2014q1/bin/../lib/gcc/arm-none-eabi/4.8.3/../../../../arm-none-eabi/lib/armv6-m/libc_s.a(lib_a-strlen.o)
                              build/sam_ba_usb.o (strlen)
/home/fido/.arduino15/packages/arduino/tools/arm-none-eabi-gcc/4.8.3-2014q1/bin/../lib/gcc/arm-none-eabi/4.8.3/../../../../arm-none-eabi/lib/armv6-m/libnosys.a(_exit.o)
                              /home/fido/.arduino15/packages/arduino/tools/arm-none-eabi-gcc/4.8.3-2014q1/bin/../lib/gcc/arm-none-eabi/4.8.3/../../../../arm-none-eabi/lib/armv6-m/libc_s.a(lib_a-exit.o) (_exit)

Allocating common symbols
Common symbol       size              file

b_sharp_received    0x1               build/sam_ba_serial.o
udd_ep_out_cache_buffer
                    0x80              build/board_driver_usb.o
j                   0x1               build/sam_ba_monitor.o
udd_ep_in_cache_buffer
                    0x80              build/board_driver_usb.o
idx_rx_write        0x1               build/sam_ba_serial.o
size_of_data        0x2               build/sam_ba_serial.o
length              0x4               build/sam_ba_monitor.o
ptr                 0x4               build/sam_ba_monitor.o
command             0x1               build/sam_ba_monitor.o
idx_tx_read         0x1               build/sam_ba_serial.o
i                   0x4               build/sam_ba_monitor.o
buffer_tx_usart     0x80              build/sam_ba_serial.o
sam_ba_cdc          0xc               build/sam_ba_usb.o
error_timeout       0x1               build/sam_ba_serial.o
usb_endpoint_table  0x80              build/board_driver_usb.o
data                0x40              build/sam_ba_monitor.o
mode_of_transfer    0x1               build/sam_ba_serial.o
ptr_data            0x4               build/sam_ba_monitor.o
idx_rx_read         0x1               build/sam_ba_serial.o
ptr_monitor_if      0x4               build/sam_ba_monitor.o
sp                  0x4               build/sam_ba_monitor.o
current_number      0x4               build/sam_ba_monitor.o
idx_tx_write        0x1               build/sam_ba_serial.o
u32tmp              0x4               build/sam_ba_monitor.o
buffer_rx_usart     0x80              build/sam_ba_serial.o

Discarded input sections

 .text          0x0000000000000000        0x0 /home/fido/.arduino15/packages/arduino/tools/arm-none-eabi-gcc/4.8.3-2014q1/bin/../lib/gcc/arm-none-eabi/4.8.3/armv6-m/crti.o
 .data          0x0000000000000000        0x0 /home/fido/.arduino15/packages/arduino/tools/arm-none-eabi-gcc/4.8.3-2014q1/bin/../lib/gcc/arm-none-eabi/4.8.3/armv6-m/crti.o
 .bss           0x0000000000000000        0x0 /home/fido/.arduino15/packages/arduino/tools/arm-none-eabi-gcc/4.8.3-2014q1/bin/../lib/gcc/arm-none-eabi/4.8.3/armv6-m/crti.o
 .data          0x0000000000000000        0x4 /home/fido/.arduino15/packages/arduino/tools/arm-none-eabi-gcc/4.8.3-2014q1/bin/../lib/gcc/arm-none-eabi/4.8.3/armv6-m/crtbegin.o
 .text          0x0000000000000000       0x78 /home/fido/.arduino15/packages/arduino/tools/arm-none-eabi-gcc/4.8.3-2014q1/bin/../lib/gcc/arm-none-eabi/4.8.3/../../../../arm-none-eabi/lib/armv6-m/crt0.o
 .data          0x0000000000000000        0x0 /home/fido/.arduino15/packages/arduino/tools/arm-none-eabi-gcc/4.8.3-2014q1/bin/../lib/gcc/arm-none-eabi/4.8.3/../../../../arm-none-eabi/lib/armv6-m/crt0.o
 .bss           0x0000000000000000        0x0 /home/fido/.arduino15/packages/arduino/tools/arm-none-eabi-gcc/4.8.3-2014q1/bin/../lib/gcc/arm-none-eabi/4.8.3/../../../../arm-none-eabi/lib/armv6-m/crt0.o
 .ARM.extab     0x0000000000000000        0x0 /home/fido/.arduino15/packages/arduino/tools/arm-none-eabi-gcc/4.8.3-2014q1/bin/../lib/gcc/arm-none-eabi/4.8.3/../../../../arm-none-eabi/lib/armv6-m/crt0.o
 .ARM.exidx     0x0000000000000000        0x8 /home/fido/.arduino15/packages/arduino/tools/arm-none-eabi-gcc/4.8.3-2014q1/bin/../lib/gcc/arm-none-eabi/4.8.3/../../../../arm-none-eabi/lib/armv6-m/crt0.o
 .ARM.attributes
                0x0000000000000000       0x1b /home/fido/.arduino15/packages/arduino/tools/arm-none-eabi-gcc/4.8.3-2014q1/bin/../lib/gcc/arm-none-eabi/4.8.3/../../../../arm-none-eabi/lib/armv6-m/crt0.o
 .text          0x0000000000000000        0x0 build/board_driver_led.o
 .data          0x0000000000000000        0x0 build/board_driver_led.o
 .bss           0x0000000000000000        0x0 build/board_driver_led.o
 .text.LED_status
                0x0000000000000000       0x1c build/board_driver_led.o
 .text          0x0000000000000000        0x0 build/board_driver_serial.o
 .data          0x0000000000000000        0x0 build/board_driver_serial.o
 .bss           0x0000000000000000        0x0 build/board_driver_serial.o
 .text.uart_basic_init
                0x0000000000000000       0x54 build/board_driver_serial.o
 .text.uart_disable
                0x0000000000000000       0x10 build/board_driver_serial.o
 .text.uart_write_byte
                0x0000000000000000        0xa build/board_driver_serial.o
 .text.uart_read_byte
                0x0000000000000000       0x30 build/board_driver_serial.o
 .text.uart_write_buffer_polled
                0x0000000000000000       0x20 build/board_driver_serial.o
 .text.uart_read_buffer_polled
                0x0000000000000000       0x40 build/board_driver_serial.o
 .bss.uart_drv_error_flag
                0x0000000000000000        0x1 build/board_driver_serial.o
 .comment       0x0000000000000000       0x81 build/board_driver_serial.o
 .ARM.attributes
                0x0000000000000000       0x32 build/board_driver_serial.o
 .text          0x0000000000000000        0x0 build/board_driver_usb.o
 .data          0x0000000000000000        0x0 build/board_driver_usb.o
 .bss           0x0000000000000000        0x0 build/board_driver_usb.o
 .text.USB_Read_blocking
                0x0000000000000000       0x60 build/board_driver_usb.o
 .text          0x0000000000000000        0x0 build/board_init.o
 .data          0x0000000000000000        0x0 build/board_init.o
 .bss           0x0000000000000000        0x0 build/board_init.o
 .text.waitForPLL
                0x0000000000000000       0x10 build/board_init.o
 .text          0x0000000000000000        0x0 build/board_startup.o
 .data          0x0000000000000000        0x0 build/board_startup.o
 .bss           0x0000000000000000        0x0 build/board_startup.o
 .text          0x0000000000000000        0x0 build/util.o
 .data          0x0000000000000000        0x0 build/util.o
 .bss           0x0000000000000000        0x0 build/util.o
 .text.pinConfig
                0x0000000000000000       0x70 build/util.o
 .text.isPinActive
                0x0000000000000000       0x24 build/util.o
 .text.systemReset
                0x0000000000000000       0x1c build/util.o
 .text          0x0000000000000000        0x0 build/main.o
 .data          0x0000000000000000        0x0 build/main.o
 .bss           0x0000000000000000        0x0 build/main.o
 .text          0x0000000000000000        0x0 build/sam_ba_usb.o
 .data          0x0000000000000000        0x0 build/sam_ba_usb.o
 .bss           0x0000000000000000        0x0 build/sam_ba_usb.o
 .text          0x0000000000000000        0x0 build/sam_ba_cdc.o
 .data          0x0000000000000000        0x0 build/sam_ba_cdc.o
 .bss           0x0000000000000000        0x0 build/sam_ba_cdc.o
 .text          0x0000000000000000        0x0 build/sam_ba_monitor.o
 .data          0x0000000000000000        0x0 build/sam_ba_monitor.o
 .bss           0x0000000000000000        0x0 build/sam_ba_monitor.o
 .text          0x0000000000000000        0x0 build/sam_ba_serial.o
 .data          0x0000000000000000        0x0 build/sam_ba_serial.o
 .bss           0x0000000000000000        0x0 build/sam_ba_serial.o
 .text.serial_open
                0x0000000000000000       0x94 build/sam_ba_serial.o
 .text.serial_close
                0x0000000000000000        0xc build/sam_ba_serial.o
 .text.serial_putc
                0x0000000000000000       0x10 build/sam_ba_serial.o
 .text.serial_is_rx_ready
                0x0000000000000000        0xc build/sam_ba_serial.o
 .text.serial_getc
                0x0000000000000000       0x14 build/sam_ba_serial.o
 .text.serial_sharp_received
                0x0000000000000000       0x1c build/sam_ba_serial.o
 .text.serial_readc
                0x0000000000000000       0x20 build/sam_ba_serial.o
 .text.serial_putdata
                0x0000000000000000       0x1a build/sam_ba_serial.o
 .text.serial_getdata
                0x0000000000000000        0xe build/sam_ba_serial.o
 .text.getbytes
                0x0000000000000000       0x64 build/sam_ba_serial.o
 .text.serial_putdata_xmd
                0x0000000000000000      0x108 build/sam_ba_serial.o
 .text.serial_getdata_xmd
                0x0000000000000000       0xf4 build/sam_ba_serial.o
 COMMON         0x0000000000000000      0x109 build/sam_ba_serial.o
 .text          0x0000000000000000        0x0 /home/fido/.arduino15/packages/arduino/tools/arm-none-eabi-gcc/4.8.3-2014q1/bin/../lib/gcc/arm-none-eabi/4.8.3/../../../../arm-none-eabi/lib/armv6-m/libc_s.a(lib_a-exit.o)
 .data          0x0000000000000000        0x0 /home/fido/.arduino15/packages/arduino/tools/arm-none-eabi-gcc/4.8.3-2014q1/bin/../lib/gcc/arm-none-eabi/4.8.3/../../../../arm-none-eabi/lib/armv6-m/libc_s.a(lib_a-exit.o)
 .bss           0x0000000000000000        0x0 /home/fido/.arduino15/packages/arduino/tools/arm-none-eabi-gcc/4.8.3-2014q1/bin/../lib/gcc/arm-none-eabi/4.8.3/../../../../arm-none-eabi/lib/armv6-m/libc_s.a(lib_a-exit.o)
 .text.exit     0x0000000000000000       0x2c /home/fido/.arduino15/packages/arduino/tools/arm-none-eabi-gcc/4.8.3-2014q1/bin/../lib/gcc/arm-none-eabi/4.8.3/../../../../arm-none-eabi/lib/armv6-m/libc_s.a(lib_a-exit.o)
 .ARM.attributes
                0x0000000000000000       0x2c /home/fido/.arduino15/packages/arduino/tools/arm-none-eabi-gcc/4.8.3-2014q1/bin/../lib/gcc/arm-none-eabi/4.8.3/../../../../arm-none-eabi/lib/armv6-m/libc_s.a(lib_a-exit.o)
 .debug_frame   0x0000000000000000       0x28 /home/fido/.arduino15/packages/arduino/tools/arm-none-eabi-gcc/4.8.3-2014q1/bin/../lib/gcc/arm-none-eabi/4.8.3/../../../../arm-none-eabi/lib/armv6-m/libc_s.a(lib_a-exit.o)
 .text          0x0000000000000000        0x0 /home/fido/.arduino15/packages/arduino/tools/arm-none-eabi-gcc/4.8.3-2014q1/bin/../lib/gcc/arm-none-eabi/4.8.3/../../../../arm-none-eabi/lib/armv6-m/libc_s.a(lib_a-impure.o)
 .data          0x0000000000000000        0x0 /home/fido/.arduino15/packages/arduino/tools/arm-none-eabi-gcc/4.8.3-2014q1/bin/../lib/gcc/arm-none-eabi/4.8.3/../../../../arm-none-eabi/lib/armv6-m/libc_s.a(lib_a-impure.o)
 .bss           0x0000000000000000        0x0 /home/fido/.arduino15/packages/arduino/tools/arm-none-eabi-gcc/4.8.3-2014q1/bin/../lib/gcc/arm-none-eabi/4.8.3/../../../../arm-none-eabi/lib/armv6-m/libc_s.a(lib_a-impure.o)
 .data.impure_data
                0x0000000000000000       0x60 /home/fido/.arduino15/packages/arduino/tools/arm-none-eabi-gcc/4.8.3-2014q1/bin/../lib/gcc/arm-none-eabi/4.8.3/../../../../arm-none-eabi/lib/armv6-m/libc_s.a(lib_a-impure.o)
 .data._impure_ptr
                0x0000000000000000        0x4 /home/fido/.arduino15/packages/arduino/tools/arm-none-eabi-gcc/4.8.3-2014q1/bin/../lib/gcc/arm-none-eabi/4.8.3/../../../../arm-none-eabi/lib/armv6-m/libc_s.a(lib_a-impure.o)
 .rodata.str1.1
                0x0000000000000000        0x2 /home/fido/.arduino15/packages/arduino/tools/arm-none-eabi-gcc/4.8.3-2014q1/bin/../lib/gcc/arm-none-eabi/4.8.3/../../../../arm-none-eabi/lib/armv6-m/libc_s.a(lib_a-impure.o)
 .rodata._global_impure_ptr
                0x0000000000000000        0x4 /home/fido/.arduino15/packages/arduino/tools/arm-none-eabi-gcc/4.8.3-2014q1/bin/../lib/gcc/arm-none-eabi/4.8.3/../../../../arm-none-eabi/lib/armv6-m/libc_s.a(lib_a-impure.o)
 .ARM.attributes
                0x0000000000000000       0x2c /home/fido/.arduino15/packages/arduino/tools/arm-none-eabi-gcc/4.8.3-2014q1/bin/../lib/gcc/arm-none-eabi/4.8.3/../../../../arm-none-eabi/lib/armv6-m/libc_s.a(lib_a-impure.o)
 .text          0x0000000000000000        0x0 /home/fido/.arduino15/packages/arduino/tools/arm-none-eabi-gcc/4.8.3-2014q1/bin/../lib/gcc/arm-none-eabi/4.8.3/../../../../arm-none-eabi/lib/armv6-m/libc_s.a(lib_a-init.o)
 .data          0x0000000000000000        0x0 /home/fido/.arduino15/packages/arduino/tools/arm-none-eabi-gcc/4.8.3-2014q1/bin/../lib/gcc/arm-none-eabi/4.8.3/../../../../arm-none-eabi/lib/armv6-m/libc_s.a(lib_a-init.o)
 .bss           0x0000000000000000        0x0 /home/fido/.arduino15/packages/arduino/tools/arm-none-eabi-gcc/4.8.3-2014q1/bin/../lib/gcc/arm-none-eabi/4.8.3/../../../../arm-none-eabi/lib/armv6-m/libc_s.a(lib_a-init.o)
 .text.__libc_init_array
                0x0000000000000000       0x4c /home/fido/.arduino15/packages/arduino/tools/arm-none-eabi-gcc/4.8.3-2014q1/bin/../lib/gcc/arm-none-eabi/4.8.3/../../../../arm-none-eabi/lib/armv6-m/libc_s.a(lib_a-init.o)
 .ARM.attributes
                0x0000000000000000       0x2c /home/fido/.arduino15/packages/arduino/tools/arm-none-eabi-gcc/4.8.3-2014q1/bin/../lib/gcc/arm-none-eabi/4.8.3/../../../../arm-none-eabi/lib/armv6-m/libc_s.a(lib_a-init.o)
 .debug_frame   0x0000000000000000       0x2c /home/fido/.arduino15/packages/arduino/tools/arm-none-eabi-gcc/4.8.3-2014q1/bin/../lib/gcc/arm-none-eabi/4.8.3/../../../../arm-none-eabi/lib/armv6-m/libc_s.a(lib_a-init.o)
 .text          0x0000000000000000        0x0 /home/fido/.arduino15/packages/arduino/tools/arm-none-eabi-gcc/4.8.3-2014q1/bin/../lib/gcc/arm-none-eabi/4.8.3/../../../../arm-none-eabi/lib/armv6-m/libc_s.a(lib_a-memcpy-stub.o)
 .data          0x0000000000000000        0x0 /home/fido/.arduino15/packages/arduino/tools/arm-none-eabi-gcc/4.8.3-2014q1/bin/../lib/gcc/arm-none-eabi/4.8.3/../../../../arm-none-eabi/lib/armv6-m/libc_s.a(lib_a-memcpy-stub.o)
 .bss           0x0000000000000000        0x0 /home/fido/.arduino15/packages/arduino/tools/arm-none-eabi-gcc/4.8.3-2014q1/bin/../lib/gcc/arm-none-eabi/4.8.3/../../../../arm-none-eabi/lib/armv6-m/libc_s.a(lib_a-memcpy-stub.o)
 .text          0x0000000000000000        0x0 /home/fido/.arduino15/packages/arduino/tools/arm-none-eabi-gcc/4.8.3-2014q1/bin/../lib/gcc/arm-none-eabi/4.8.3/../../../../arm-none-eabi/lib/armv6-m/libc_s.a(lib_a-memset.o)
 .data          0x0000000000000000        0x0 /home/fido/.arduino15/packages/arduino/tools/arm-none-eabi-gcc/4.8.3-2014q1/bin/../lib/gcc/arm-none-eabi/4.8.3/../../../../arm-none-eabi/lib/armv6-m/libc_s.a(lib_a-memset.o)
 .bss           0x0000000000000000        0x0 /home/fido/.arduino15/packages/arduino/tools/arm-none-eabi-gcc/4.8.3-2014q1/bin/../lib/gcc/arm-none-eabi/4.8.3/../../../../arm-none-eabi/lib/armv6-m/libc_s.a(lib_a-memset.o)
 .text          0x0000000000000000        0x0 /home/fido/.arduino15/packages/arduino/tools/arm-none-eabi-gcc/4.8.3-2014q1/bin/../lib/gcc/arm-none-eabi/4.8.3/../../../../arm-none-eabi/lib/armv6-m/libc_s.a(lib_a-strlen.o)
 .data          0x0000000000000000        0x0 /home/fido/.arduino15/packages/arduino/tools/arm-none-eabi-gcc/4.8.3-2014q1/bin/../lib/gcc/arm-none-eabi/4.8.3/../../../../arm-none-eabi/lib/armv6-m/libc_s.a(lib_a-strlen.o)
 .bss           0x0000000000000000        0x0 /home/fido/.arduino15/packages/arduino/tools/arm-none-eabi-gcc/4.8.3-2014q1/bin/../lib/gcc/arm-none-eabi/4.8.3/../../../../arm-none-eabi/lib/armv6-m/libc_s.a(lib_a-strlen.o)
 .text          0x0000000000000000        0x0 /home/fido/.arduino15/packages/arduino/tools/arm-none-eabi-gcc/4.8.3-2014q1/bin/../lib/gcc/arm-none-eabi/4.8.3/../../../../arm-none-eabi/lib/armv6-m/libnosys.a(_exit.o)
 .data          0x0000000000000000        0x0 /home/fido/.arduino15/packages/arduino/tools/arm-none-eabi-gcc/4.8.3-2014q1/bin/../lib/gcc/arm-none-eabi/4.8.3/../../../../arm-none-eabi/lib/armv6-m/libnosys.a(_exit.o)
 .bss           0x0000000000000000        0x0 /home/fido/.arduino15/packages/arduino/tools/arm-none-eabi-gcc/4.8.3-2014q1/bin/../lib/gcc/arm-none-eabi/4.8.3/../../../../arm-none-eabi/lib/armv6-m/libnosys.a(_exit.o)
 .text._exit    0x0000000000000000        0x4 /home/fido/.arduino15/packages/arduino/tools/arm-none-eabi-gcc/4.8.3-2014q1/bin/../lib/gcc/arm-none-eabi/4.8.3/../../../../arm-none-eabi/lib/armv6-m/libnosys.a(_exit.o)
 .ARM.attributes
                0x0000000000000000       0x2c /home/fido/.arduino15/packages/arduino/tools/arm-none-eabi-gcc/4.8.3-2014q1/bin/../lib/gcc/arm-none-eabi/4.8.3/../../../../arm-none-eabi/lib/armv6-m/libnosys.a(_exit.o)
 .debug_frame   0x0000000000000000       0x20 /home/fido/.arduino15/packages/arduino/tools/arm-none-eabi-gcc/4.8.3-2014q1/bin/../lib/gcc/arm-none-eabi/4.8.3/../../../../arm-none-eabi/lib/armv6-m/libnosys.a(_exit.o)
 .text          0x0000000000000000        0x0 /home/fido/.arduino15/packages/arduino/tools/arm-none-eabi-gcc/4.8.3-2014q1/bin/../lib/gcc/arm-none-eabi/4.8.3/armv6-m/crtend.o
 .data          0x0000000000000000        0x0 /home/fido/.arduino15/packages/arduino/tools/arm-none-eabi-gcc/4.8.3-2014q1/bin/../lib/gcc/arm-none-eabi/4.8.3/armv6-m/crtend.o
 .bss           0x0000000000000000        0x0 /home/fido/.arduino15/packages/arduino/tools/arm-none-eabi-gcc/4.8.3-2014q1/bin/../lib/gcc/arm-none-eabi/4.8.3/armv6-m/crtend.o
 .text          0x0000000000000000        0x0 /home/fido/.arduino15/packages/arduino/tools/arm-none-eabi-gcc/4.8.3-2014q1/bin/../lib/gcc/arm-none-eabi/4.8.3/armv6-m/crtn.o
 .data          0x0000000000000000        0x0 /home/fido/.arduino15/packages/arduino/tools/arm-none-eabi-gcc/4.8.3-2014q1/bin/../lib/gcc/arm-none-eabi/4.8.3/armv6-m/crtn.o
 .bss           0x0000000000000000        0x0 /home/fido/.arduino15/packages/arduino/tools/arm-none-eabi-gcc/4.8.3-2014q1/bin/../lib/gcc/arm-none-eabi/4.8.3/armv6-m/crtn.o

Memory Configuration

Name             Origin             Length             Attributes
FLASH            0x0000000000000000 0x0000000000002000 xr
RAM              0x0000000020000000 0x0000000000007ffc xrw
*default*        0x0000000000000000 0xffffffffffffffff

Linker script and memory map

LOAD /home/fido/.arduino15/packages/arduino/tools/arm-none-eabi-gcc/4.8.3-2014q1/bin/../lib/gcc/arm-none-eabi/4.8.3/armv6-m/crti.o
LOAD /home/fido/.arduino15/packages/arduino/tools/arm-none-eabi-gcc/4.8.3-2014q1/bin/../lib/gcc/arm-none-eabi/4.8.3/armv6-m/crtbegin.o
LOAD /home/fido/.arduino15/packages/arduino/tools/arm-none-eabi-gcc/4.8.3-2014q1/bin/../lib/gcc/arm-none-eabi/4.8.3/../../../../arm-none-eabi/lib/armv6-m/crt0.o
START GROUP
LOAD build/board_driver_led.o
LOAD build/board_driver_serial.o
LOAD build/board_driver_usb.o
LOAD build/board_init.o
LOAD build/board_startup.o
LOAD build/util.o
LOAD build/main.o
LOAD build/sam_ba_usb.o
LOAD build/sam_ba_cdc.o
LOAD build/sam_ba_monitor.o
LOAD build/sam_ba_serial.o
LOAD /home/fido/.arduino15/packages/arduino/tools/arm-none-eabi-gcc/4.8.3-2014q1/bin/../lib/gcc/arm-none-eabi/4.8.3/../../../../arm-none-eabi/lib/armv6-m/libm.a
END GROUP
START GROUP
LOAD /home/fido/.arduino15/packages/arduino/tools/arm-none-eabi-gcc/4.8.3-2014q1/bin/../lib/gcc/arm-none-eabi/4.8.3/armv6-m/libgcc.a
LOAD /home/fido/.arduino15/packages/arduino/tools/arm-none-eabi-gcc/4.8.3-2014q1/bin/../lib/gcc/arm-none-eabi/4.8.3/../../../../arm-none-eabi/lib/armv6-m/libc_s.a
END GROUP
START GROUP
LOAD /home/fido/.arduino15/packages/arduino/tools/arm-none-eabi-gcc/4.8.3-2014q1/bin/../lib/gcc/arm-none-eabi/4.8.3/armv6-m/libgcc.a
LOAD /home/fido/.arduino15/packages/arduino/tools/arm-none-eabi-gcc/4.8.3-2014q1/bin/../lib/gcc/arm-none-eabi/4.8.3/../../../../arm-none-eabi/lib/armv6-m/libc_s.a
LOAD /home/fido/.arduino15/packages/arduino/tools/arm-none-eabi-gcc/4.8.3-2014q1/bin/../lib/gcc/arm-none-eabi/4.8.3/../../../../arm-none-eabi/lib/armv6-m/libnosys.a
END GROUP
START GROUP
LOAD /home/fido/.arduino15/packages/arduino/tools/arm-none-eabi-gcc/4.8.3-2014q1/bin/../lib/gcc/arm-none-eabi/4.8.3/armv6-m/libgcc.a
LOAD /home/fido/.arduino15/packages/arduino/tools/arm-none-eabi-gcc/4.8.3-2014q1/bin/../lib/gcc/arm-none-eabi/4.8.3/../../../../arm-none-eabi/lib/armv6-m/libc_s.a
LOAD /home/fido/.arduino15/packages/arduino/tools/arm-none-eabi-gcc/4.8.3-2014q1/bin/../lib/gcc/arm-none-eabi/4.8.3/../../../../arm-none-eabi/lib/armv6-m/libnosys.a
END GROUP
LOAD /home/fido/.arduino15/packages/arduino/tools/arm-none-eabi-gcc/4.8.3-2014q1/bin/../lib/gcc/arm-none-eabi/4.8.3/armv6-m/crtend.o
LOAD /home/fido/.arduino15/packages/arduino/tools/arm-none-eabi-gcc/4.8.3-2014q1/bin/../lib/gcc/arm-none-eabi/4.8.3/armv6-m/crtn.o
                0x0000000000000000                . = ORIGIN (FLASH)

.vectors        0x0000000000000000       0x40
 *(.isr_vector)
 .isr_vector    0x0000000000000000       0x40 build/board_startup.o
                0x0000000000000000                exception_table

.text           0x0000000000000040     0x1368
 *(.text*)
 .text          0x0000000000000040       0x60 /home/fido/.arduino15/packages/arduino/tools/arm-none-eabi-gcc/4.8.3-2014q1/bin/../lib/gcc/arm-none-eabi/4.8.3/armv6-m/crtbegin.o
 .text.LED_pulse
                0x00000000000000a0       0x98 build/board_driver_led.o
                0x00000000000000a0                LED_pulse
 .text.USB_IsConfigured
                0x0000000000000138       0x84 build/board_driver_usb.o
                0x0000000000000138                USB_IsConfigured
 .text.USB_Open
                0x00000000000001bc       0x1c build/board_driver_usb.o
                0x00000000000001bc                USB_Open
 .text.USB_Init
                0x00000000000001d8       0xb0 build/board_driver_usb.o
                0x00000000000001d8                USB_Init
 .text.USB_Write
                0x0000000000000288       0x90 build/board_driver_usb.o
                0x0000000000000288                USB_Write
 .text.USB_Read
                0x0000000000000318       0x7c build/board_driver_usb.o
                0x0000000000000318                USB_Read
 .text.USB_SendStall
                0x0000000000000394       0x12 build/board_driver_usb.o
                0x0000000000000394                USB_SendStall
 *fill*         0x00000000000003a6        0x2 
 .text.USB_SendZlp
                0x00000000000003a8       0x28 build/board_driver_usb.o
                0x00000000000003a8                USB_SendZlp
 .text.USB_SetAddress
                0x00000000000003d0        0xc build/board_driver_usb.o
                0x00000000000003d0                USB_SetAddress
 .text.USB_Configure
                0x00000000000003dc       0x68 build/board_driver_usb.o
                0x00000000000003dc                USB_Configure
 .text.waitForDFLL
                0x0000000000000444       0x10 build/board_init.o
                0x0000000000000444                waitForDFLL
 .text.board_init
                0x0000000000000454       0xdc build/board_init.o
                0x0000000000000454                board_init
 .text.NMI_Handler
                0x0000000000000530        0x4 build/board_startup.o
                0x0000000000000530                NMI_Handler
 .text.HardFault_Handler
                0x0000000000000534        0x4 build/board_startup.o
                0x0000000000000534                HardFault_Handler
 .text.SVC_Handler
                0x0000000000000538        0x4 build/board_startup.o
                0x0000000000000538                SVC_Handler
 .text.PendSV_Handler
                0x000000000000053c        0x4 build/board_startup.o
                0x000000000000053c                PendSV_Handler
 .text.Reset_Handler
                0x0000000000000540       0x50 build/board_startup.o
                0x0000000000000540                Reset_Handler
 .text.flashErase
                0x0000000000000590       0x2c build/util.o
                0x0000000000000590                flashErase
 .text.flashWrite
                0x00000000000005bc       0x4c build/util.o
                0x00000000000005bc                flashWrite
 .text.pinMux   0x0000000000000608       0x4c build/util.o
                0x0000000000000608                pinMux
 .text.delayUs  0x0000000000000654       0x24 build/util.o
                0x0000000000000654                delayUs
 .text.waitForSync
                0x0000000000000678       0x14 build/util.o
                0x0000000000000678                waitForSync
 .text.startup.main
                0x000000000000068c       0xd0 build/main.o
                0x000000000000068c                main
 .text.SysTick_Handler
                0x000000000000075c        0xc build/main.o
                0x000000000000075c                SysTick_Handler
 .text.usb_init
                0x0000000000000768       0x20 build/sam_ba_usb.o
                0x0000000000000768                usb_init
 .text.USB_SendString
                0x0000000000000788       0x46 build/sam_ba_usb.o
                0x0000000000000788                USB_SendString
 *fill*         0x00000000000007ce        0x2 
 .text.sam_ba_usb_CDC_Enumerate
                0x00000000000007d0      0x364 build/sam_ba_usb.o
                0x00000000000007d0                sam_ba_usb_CDC_Enumerate
 .text.cdc_putc
                0x0000000000000b34       0x1c build/sam_ba_cdc.o
                0x0000000000000b34                cdc_putc
 .text.cdc_getc
                0x0000000000000b50       0x1c build/sam_ba_cdc.o
                0x0000000000000b50                cdc_getc
 .text.cdc_is_rx_ready
                0x0000000000000b6c       0x24 build/sam_ba_cdc.o
                0x0000000000000b6c                cdc_is_rx_ready
 .text.cdc_write_buf
                0x0000000000000b90       0x1c build/sam_ba_cdc.o
                0x0000000000000b90                cdc_write_buf
 .text.cdc_read_buf
                0x0000000000000bac       0x28 build/sam_ba_cdc.o
                0x0000000000000bac                cdc_read_buf
 .text.cdc_read_buf_xmd
                0x0000000000000bd4       0x38 build/sam_ba_cdc.o
                0x0000000000000bd4                cdc_read_buf_xmd
 .text.sam_ba_putdata.isra.0
                0x0000000000000c0c        0xc build/sam_ba_monitor.o
 .text.sam_ba_monitor_init
                0x0000000000000c18       0x14 build/sam_ba_monitor.o
                0x0000000000000c18                sam_ba_monitor_init
 .text.sam_ba_putdata_term
                0x0000000000000c2c       0x80 build/sam_ba_monitor.o
                0x0000000000000c2c                sam_ba_putdata_term
 .text.call_applet
                0x0000000000000cac       0x1c build/sam_ba_monitor.o
                0x0000000000000cac                call_applet
 .text.sam_ba_monitor_sys_tick
                0x0000000000000cc8        0x2 build/sam_ba_monitor.o
                0x0000000000000cc8                sam_ba_monitor_sys_tick
 *fill*         0x0000000000000cca        0x2 
 .text.sam_ba_monitor_run
                0x0000000000000ccc      0x3f0 build/sam_ba_monitor.o
                0x0000000000000ccc                sam_ba_monitor_run
 .text.serial_add_crc
                0x00000000000010bc       0x18 build/sam_ba_serial.o
                0x00000000000010bc                serial_add_crc
 .text.memcpy   0x00000000000010d4       0x12 /home/fido/.arduino15/packages/arduino/tools/arm-none-eabi-gcc/4.8.3-2014q1/bin/../lib/gcc/arm-none-eabi/4.8.3/../../../../arm-none-eabi/lib/armv6-m/libc_s.a(lib_a-memcpy-stub.o)
                0x00000000000010d4                memcpy
 .text.memset   0x00000000000010e6       0x10 /home/fido/.arduino15/packages/arduino/tools/arm-none-eabi-gcc/4.8.3-2014q1/bin/../lib/gcc/arm-none-eabi/4.8.3/../../../../arm-none-eabi/lib/armv6-m/libc_s.a(lib_a-memset.o)
                0x00000000000010e6                memset
 .text.strlen   0x00000000000010f6        0xe /home/fido/.arduino15/packages/arduino/tools/arm-none-eabi-gcc/4.8.3-2014q1/bin/../lib/gcc/arm-none-eabi/4.8.3/../../../../arm-none-eabi/lib/armv6-m/libc_s.a(lib_a-strlen.o)
                0x00000000000010f6                strlen
 *(.init)
 .init          0x0000000000001104        0x4 /home/fido/.arduino15/packages/arduino/tools/arm-none-eabi-gcc/4.8.3-2014q1/bin/../lib/gcc/arm-none-eabi/4.8.3/armv6-m/crti.o
                0x0000000000001104                _init
 .init          0x0000000000001108        0x8 /home/fido/.arduino15/packages/arduino/tools/arm-none-eabi-gcc/4.8.3-2014q1/bin/../lib/gcc/arm-none-eabi/4.8.3/armv6-m/crtn.o
 *(.fini)
 .fini          0x0000000000001110        0x4 /home/fido/.arduino15/packages/arduino/tools/arm-none-eabi-gcc/4.8.3-2014q1/bin/../lib/gcc/arm-none-eabi/4.8.3/armv6-m/crti.o
                0x0000000000001110                _fini
 .fini          0x0000000000001114        0x8 /home/fido/.arduino15/packages/arduino/tools/arm-none-eabi-gcc/4.8.3-2014q1/bin/../lib/gcc/arm-none-eabi/4.8.3/armv6-m/crtn.o
 *crtbegin.o(.ctors)
 *crtbegin?.o(.ctors)
 *(EXCLUDE_FILE(*crtend.o *crtend?.o) .ctors)
 *(SORT(.ctors.*))
 *(.ctors)
 *crtbegin.o(.dtors)
 *crtbegin?.o(.dtors)
 *(EXCLUDE_FILE(*crtend.o *crtend?.o) .dtors)
 *(SORT(.dtors.*))
 *(.dtors)
 *(.rodata*)
 .rodata        0x000000000000111c        0x4 build/sam_ba_usb.o
 .rodata.str1.1
                0x0000000000001120       0x15 build/sam_ba_usb.o
 *fill*         0x0000000000001135        0x3 
 .rodata.devDescriptor
                0x0000000000001138       0x14 build/sam_ba_usb.o
 .rodata.usbcdc_if
                0x000000000000114c       0x1c build/sam_ba_monitor.o
                0x000000000000114c                usbcdc_if
 .rodata.str1.1
                0x0000000000001168       0x29 build/sam_ba_monitor.o
                                         0x2c (size before relaxing)
 .rodata.RomBOOT_Version
                0x0000000000001191        0x4 build/sam_ba_monitor.o
                0x0000000000001191                RomBOOT_Version
 .rodata.RomBOOT_ExtendedCapabilities
                0x0000000000001195        0xe build/sam_ba_monitor.o
                0x0000000000001195                RomBOOT_ExtendedCapabilities
 *fill*         0x00000000000011a3        0x1 
 .rodata.crc16Table
                0x00000000000011a4      0x200 build/sam_ba_serial.o
 *(.eh_frame*)
 .eh_frame      0x00000000000013a4        0x0 /home/fido/.arduino15/packages/arduino/tools/arm-none-eabi-gcc/4.8.3-2014q1/bin/../lib/gcc/arm-none-eabi/4.8.3/armv6-m/crtbegin.o
 .eh_frame      0x00000000000013a4        0x4 /home/fido/.arduino15/packages/arduino/tools/arm-none-eabi-gcc/4.8.3-2014q1/bin/../lib/gcc/arm-none-eabi/4.8.3/armv6-m/crtend.o

.glue_7         0x00000000000013a8        0x0
 .glue_7        0x0000000000000000        0x0 linker stubs

.glue_7t        0x00000000000013a8        0x0
 .glue_7t       0x0000000000000000        0x0 linker stubs

.vfp11_veneer   0x00000000000013a8        0x0
 .vfp11_veneer  0x0000000000000000        0x0 linker stubs

.v4_bx          0x00000000000013a8        0x0
 .v4_bx         0x0000000000000000        0x0 linker stubs

.iplt           0x00000000000013a8        0x0
 .iplt          0x0000000000000000        0x0 /home/fido/.arduino15/packages/arduino/tools/arm-none-eabi-gcc/4.8.3-2014q1/bin/../lib/gcc/arm-none-eabi/4.8.3/armv6-m/crtbegin.o

.rel.dyn        0x00000000000013a8        0x0
 .rel.iplt      0x0000000000000000        0x0 /home/fido/.arduino15/packages/arduino/tools/arm-none-eabi-gcc/4.8.3-2014q1/bin/../lib/gcc/arm-none-eabi/4.8.3/armv6-m/crtbegin.o

.ARM.extab
 *(.ARM.extab* .gnu.linkonce.armextab.*)
                0x00000000000013a8                __exidx_start = .

.ARM.exidx
 *(.ARM.exidx* .gnu.linkonce.armexidx.*)
                0x00000000000013a8                __exidx_end = .
                0x00000000000013a8                __etext = .
                0x0000000000002000                PROVIDE (__sketch_vectors_ptr, (ORIGIN (FLASH) + 0x2000))

.data           0x0000000020000000       0x60 load address 0x00000000000013a8
                0x0000000020000000                __data_start__ = .
 *(vtable)
 *(.data*)
 .data.ledDirection
                0x0000000020000000        0x1 build/board_driver_led.o
                0x0000000020000000                ledDirection
 .data.ledTargetValue
                0x0000000020000001        0x1 build/board_driver_led.o
                0x0000000020000001                ledTargetValue
 .data.ledTargetValueMin
                0x0000000020000002        0x1 build/board_driver_led.o
                0x0000000020000002                ledTargetValueMin
 *fill*         0x0000000020000003        0x1 
 .data.SystemCoreClock
                0x0000000020000004        0x4 build/util.o
                0x0000000020000004                SystemCoreClock
 .data.cfgDescriptor
                0x0000000020000008       0x44 build/sam_ba_usb.o
 .data.line_coding
                0x000000002000004c        0x8 build/sam_ba_cdc.o
                0x000000002000004c                line_coding
                0x0000000020000054                . = ALIGN (0x4)
                0x0000000020000054                PROVIDE (__preinit_array_start, .)
 *(.preinit_array)
                0x0000000020000054                PROVIDE (__preinit_array_end, .)
                0x0000000020000054                . = ALIGN (0x4)
                0x0000000020000054                PROVIDE (__init_array_start, .)
 *(SORT(.init_array.*))
 *(.init_array)
 .init_array    0x0000000020000054        0x4 /home/fido/.arduino15/packages/arduino/tools/arm-none-eabi-gcc/4.8.3-2014q1/bin/../lib/gcc/arm-none-eabi/4.8.3/armv6-m/crtbegin.o
                0x0000000020000058                PROVIDE (__init_array_end, .)
                0x0000000020000058                . = ALIGN (0x4)
                0x0000000020000058                PROVIDE (__fini_array_start, .)
 *(SORT(.fini_array.*))
 *(.fini_array)
 .fini_array    0x0000000020000058        0x4 /home/fido/.arduino15/packages/arduino/tools/arm-none-eabi-gcc/4.8.3-2014q1/bin/../lib/gcc/arm-none-eabi/4.8.3/armv6-m/crtbegin.o
                0x000000002000005c                PROVIDE (__fini_array_end, .)
 *(.jcr*)
 .jcr           0x000000002000005c        0x0 /home/fido/.arduino15/packages/arduino/tools/arm-none-eabi-gcc/4.8.3-2014q1/bin/../lib/gcc/arm-none-eabi/4.8.3/armv6-m/crtbegin.o
 .jcr           0x000000002000005c        0x4 /home/fido/.arduino15/packages/arduino/tools/arm-none-eabi-gcc/4.8.3-2014q1/bin/../lib/gcc/arm-none-eabi/4.8.3/armv6-m/crtend.o
                0x0000000020000060                . = ALIGN (0x4)
                0x0000000020000060                __data_end__ = .

.igot.plt       0x0000000020000060        0x0 load address 0x0000000000001408
 .igot.plt      0x0000000000000000        0x0 /home/fido/.arduino15/packages/arduino/tools/arm-none-eabi-gcc/4.8.3-2014q1/bin/../lib/gcc/arm-none-eabi/4.8.3/armv6-m/crtbegin.o

.bss            0x0000000020000060      0x228 load address 0x0000000000001408
                0x0000000020000060                . = ALIGN (0x4)
                0x0000000020000060                __bss_start__ = .
 *(.bss*)
 .bss           0x0000000020000060       0x1c /home/fido/.arduino15/packages/arduino/tools/arm-none-eabi-gcc/4.8.3-2014q1/bin/../lib/gcc/arm-none-eabi/4.8.3/armv6-m/crtbegin.o
 .bss.ledKeepValue
                0x000000002000007c        0x1 build/board_driver_led.o
                0x000000002000007c                ledKeepValue
 .bss.read_job  0x000000002000007d        0x1 build/board_driver_usb.o
 .bss.main_b_cdc_enable
                0x000000002000007e        0x1 build/main.o
 *fill*         0x000000002000007f        0x1 
 .bss.wLength.11555
                0x0000000020000080        0x2 build/sam_ba_usb.o
 .bss.bmRequestType.11550
                0x0000000020000082        0x1 build/sam_ba_usb.o
 .bss.bRequest.11551
                0x0000000020000083        0x1 build/sam_ba_usb.o
 .bss.wValue.11553
                0x0000000020000084        0x2 build/sam_ba_usb.o
 .bss.wIndex.11554
                0x0000000020000086        0x2 build/sam_ba_usb.o
 .bss.wStatus.11556
                0x0000000020000088        0x2 build/sam_ba_usb.o
 .bss.dir.11552
                0x000000002000008a        0x1 build/sam_ba_usb.o
 *fill*         0x000000002000008b        0x1 
 .bss.src_buff_addr.12471
                0x000000002000008c        0x4 build/sam_ba_monitor.o
 .bss.b_terminal_mode
                0x0000000020000090        0x1 build/sam_ba_monitor.o
                0x0000000020000090                b_terminal_mode
 .bss.b_sam_ba_interface_usart
                0x0000000020000091        0x1 build/sam_ba_monitor.o
                0x0000000020000091                b_sam_ba_interface_usart
 *(COMMON)
 *fill*         0x0000000020000092        0x2 
 COMMON         0x0000000020000094      0x180 build/board_driver_usb.o
                0x0000000020000094                udd_ep_out_cache_buffer
                0x0000000020000114                udd_ep_in_cache_buffer
                0x0000000020000194                usb_endpoint_table
 COMMON         0x0000000020000214        0xc build/sam_ba_usb.o
                0x0000000020000214                sam_ba_cdc
 COMMON         0x0000000020000220       0x68 build/sam_ba_monitor.o
                0x0000000020000220                j
                0x0000000020000224                length
                0x0000000020000228                ptr
                0x000000002000022c                command
                0x0000000020000230                i
                0x0000000020000234                data
                0x0000000020000274                ptr_data
                0x0000000020000278                ptr_monitor_if
                0x000000002000027c                sp
                0x0000000020000280                current_number
                0x0000000020000284                u32tmp
                0x0000000020000288                . = ALIGN (0x4)
                0x0000000020000288                __bss_end__ = .

.heap           0x0000000020000288        0x0
                0x0000000020000288                __end__ = .
                0x0000000020000288                PROVIDE (end, .)
 *(.heap*)
                0x0000000020000288                __HeapLimit = .

.stack_dummy    0x0000000020000288        0x0
 *(.stack*)
                0x0000000020007ffc                __StackTop = (ORIGIN (RAM) + 0x7ffc)
                0x0000000020007ffc                __StackLimit = (__StackTop - SIZEOF (.stack_dummy))
                0x0000000000001408                __BinarySize = ((SIZEOF (.vectors) + SIZEOF (.text)) + SIZEOF (.data))
                0x0000000020007ffc                PROVIDE (__stack, __StackTop)
                0x0000000020007ffb                __ram_end__ = ((ORIGIN (RAM) + 0x7ffc) - 0x1)
                0x0000000000000001                ASSERT ((__StackLimit >= __HeapLimit), region RAM overflowed with stack)
                0x0000000000000001                ASSERT ((__BinarySize <= 0x2000), Bootloader exceeds 8KB (vectors + text + data). Please recompile with different options.)
OUTPUT(build/sam_ba_bigdot_SAML21E18B.elf elf32-littlearm)

.ARM.attributes
                0x0000000000000000       0x28
 .ARM.attributes
                0x0000000000000000       0x1e /home/fido/.arduino15/packages/arduino/tools/arm-none-eabi-gcc/4.8.3-2014q1/bin/../lib/gcc/arm-none-eabi/4.8.3/armv6-m/crti.o
 .ARM.attributes
                0x000000000000001e       0x2c /home/fido/.arduino15/packages/arduino/tools/arm-none-eabi-gcc/4.8.3-2014q1/bin/../lib/gcc/arm-none-eabi/4.8.3/armv6-m/crtbegin.o
 .ARM.attributes
                0x000000000000004a       0x32 build/board_driver_led.o
 .ARM.attributes
                0x000000000000007c       0x32 build/board_driver_usb.o
 .ARM.attributes
                0x00000000000000ae       0x32 build/board_init.o
 .ARM.attributes
                0x00000000000000e0       0x32 build/board_startup.o
 .ARM.attributes
                0x0000000000000112       0x32 build/util.o
 .ARM.attributes
                0x0000000000000144       0x32 build/main.o
 .ARM.attributes
                0x0000000000000176       0x32 build/sam_ba_usb.o
 .ARM.attributes
                0x00000000000001a8       0x32 build/sam_ba_cdc.o
 .ARM.attributes
                0x00000000000001da       0x32 build/sam_ba_monitor.o
 .ARM.attributes
                0x000000000000020c       0x32 build/sam_ba_serial.o
 .ARM.attributes
                0x000000000000023e       0x2c /home/fido/.arduino15/packages/arduino/tools/arm-none-eabi-gcc/4.8.3-2014q1/bin/../lib/gcc/arm-none-eabi/4.8.3/../../../../arm-none-eabi/lib/armv6-m/libc_s.a(lib_a-memcpy-stub.o)
 .ARM.attributes
                0x000000000000026a       0x2c /home/fido/.arduino15/packages/arduino/tools/arm-none-eabi-gcc/4.8.3-2014q1/bin/../lib/gcc/arm-none-eabi/4.8.3/../../../../arm-none-eabi/lib/armv6-m/libc_s.a(lib_a-memset.o)
 .ARM.attributes
                0x0000000000000296       0x2c /home/fido/.arduino15/packages/arduino/tools/arm-none-eabi-gcc/4.8.3-2014q1/bin/../lib/gcc/arm-none-eabi/4.8.3/../../../../arm-none-eabi/lib/armv6-m/libc_s.a(lib_a-strlen.o)
 .ARM.attributes
                0x00000000000002c2       0x2c /home/fido/.arduino15/packages/arduino/tools/arm-none-eabi-gcc/4.8.3-2014q1/bin/../lib/gcc/arm-none-eabi/4.8.3/armv6-m/crtend.o
 .ARM.attributes
                0x00000000000002ee       0x1e /home/fido/.arduino15/packages/arduino/tools/arm-none-eabi-gcc/4.8.3-2014q1/bin/../lib/gcc/arm-none-eabi/4.8.3/armv6-m/crtn.o

.comment        0x0000000000000000       0x80
 .comment       0x0000000000000000       0x80 build/board_driver_led.o
                                         0x81 (size before relaxing)
 .comment       0x0000000000000000       0x81 build/board_driver_usb.o
 .comment       0x0000000000000000       0x81 build/board_init.o
 .comment       0x0000000000000000       0x81 build/board_startup.o
 .comment       0x0000000000000000       0x81 build/util.o
 .comment       0x0000000000000000       0x81 build/main.o
 .comment       0x0000000000000000       0x81 build/sam_ba_usb.o
 .comment       0x0000000000000000       0x81 build/sam_ba_cdc.o
 .comment       0x0000000000000000       0x81 build/sam_ba_monitor.o
 .comment       0x0000000000000000       0x81 build/sam_ba_serial.o

.debug_frame    0x0000000000000000       0x68
 .debug_frame   0x0000000000000000       0x28 /home/fido/.arduino15/packages/arduino/tools/arm-none-eabi-gcc/4.8.3-2014q1/bin/../lib/gcc/arm-none-eabi/4.8.3/../../../../arm-none-eabi/lib/armv6-m/libc_s.a(lib_a-memcpy-stub.o)
 .debug_frame   0x0000000000000028       0x20 /home/fido/.arduino15/packages/arduino/tools/arm-none-eabi-gcc/4.8.3-2014q1/bin/../lib/gcc/arm-none-eabi/4.8.3/../../../../arm-none-eabi/lib/armv6-m/libc_s.a(lib_a-memset.o)
 .debug_frame   0x0000000000000048       0x20 /home/fido/.arduino15/packages/arduino/tools/arm-none-eabi-gcc/4.8.3-2014q1/bin/../lib/gcc/arm-none-eabi/4.8.3/../../../../arm-none-eabi/lib/armv6-m/libc_s.a(lib_a-strlen.o)

Cross Reference Table

Symbol                                            File
HardFault_Handler                                 build/board_startup.o
LED_pulse                                         build/board_driver_led.o
                                                  build/main.o
LED_status                                        build/board_driver_led.o
NMI_Handler                                       build/board_startup.o
PendSV_Handler                                    build/board_startup.o
Reset_Handler                                     build/board_startup.o
RomBOOT_ExtendedCapabilities                      build/sam_ba_monitor.o
RomBOOT_Version                                   build/sam_ba_monitor.o
SVC_Handler                                       build/board_startup.o
SysTick_Handler                                   build/main.o
                                                  build/board_startup.o
SystemCoreClock                                   build/util.o
                                                  build/board_init.o
USB_Configure                                     build/board_driver_usb.o
                                                  build/sam_ba_usb.o
USB_Init                                          build/board_driver_usb.o
                                                  build/sam_ba_usb.o
USB_IsConfigured                                  build/board_driver_usb.o
                                                  build/sam_ba_cdc.o
USB_Open                                          build/board_driver_usb.o
                                                  build/sam_ba_usb.o
USB_Read                                          build/board_driver_usb.o
                                                  build/sam_ba_cdc.o
USB_Read_blocking                                 build/board_driver_usb.o
USB_SendStall                                     build/board_driver_usb.o
                                                  build/sam_ba_usb.o
USB_SendString                                    build/sam_ba_usb.o
USB_SendZlp                                       build/board_driver_usb.o
                                                  build/sam_ba_usb.o
USB_SetAddress                                    build/board_driver_usb.o
                                                  build/sam_ba_usb.o
USB_Write                                         build/board_driver_usb.o
                                                  build/sam_ba_cdc.o
                                                  build/sam_ba_usb.o
_Jv_RegisterClasses                               /home/fido/.arduino15/packages/arduino/tools/arm-none-eabi-gcc/4.8.3-2014q1/bin/../lib/gcc/arm-none-eabi/4.8.3/armv6-m/crtbegin.o
__StackTop                                        build/board_startup.o
__bss_end__                                       build/board_startup.o
                                                  /home/fido/.arduino15/packages/arduino/tools/arm-none-eabi-gcc/4.8.3-2014q1/bin/../lib/gcc/arm-none-eabi/4.8.3/../../../../arm-none-eabi/lib/armv6-m/crt0.o
__bss_start__                                     build/board_startup.o
                                                  /home/fido/.arduino15/packages/arduino/tools/arm-none-eabi-gcc/4.8.3-2014q1/bin/../lib/gcc/arm-none-eabi/4.8.3/../../../../arm-none-eabi/lib/armv6-m/crt0.o
__call_exitprocs                                  /home/fido/.arduino15/packages/arduino/tools/arm-none-eabi-gcc/4.8.3-2014q1/bin/../lib/gcc/arm-none-eabi/4.8.3/../../../../arm-none-eabi/lib/armv6-m/libc_s.a(lib_a-exit.o)
__data_end__                                      build/board_startup.o
__data_start__                                    build/board_startup.o
__deregister_frame_info                           /home/fido/.arduino15/packages/arduino/tools/arm-none-eabi-gcc/4.8.3-2014q1/bin/../lib/gcc/arm-none-eabi/4.8.3/armv6-m/crtbegin.o
__dso_handle                                      /home/fido/.arduino15/packages/arduino/tools/arm-none-eabi-gcc/4.8.3-2014q1/bin/../lib/gcc/arm-none-eabi/4.8.3/armv6-m/crtbegin.o
__etext                                           build/board_startup.o
__init_array_end                                  /home/fido/.arduino15/packages/arduino/tools/arm-none-eabi-gcc/4.8.3-2014q1/bin/../lib/gcc/arm-none-eabi/4.8.3/../../../../arm-none-eabi/lib/armv6-m/libc_s.a(lib_a-init.o)
__init_array_start                                /home/fido/.arduino15/packages/arduino/tools/arm-none-eabi-gcc/4.8.3-2014q1/bin/../lib/gcc/arm-none-eabi/4.8.3/../../../../arm-none-eabi/lib/armv6-m/libc_s.a(lib_a-init.o)
__libc_fini_array                                 /home/fido/.arduino15/packages/arduino/tools/arm-none-eabi-gcc/4.8.3-2014q1/bin/../lib/gcc/arm-none-eabi/4.8.3/../../../../arm-none-eabi/lib/armv6-m/crt0.o
__libc_init_array                                 /home/fido/.arduino15/packages/arduino/tools/arm-none-eabi-gcc/4.8.3-2014q1/bin/../lib/gcc/arm-none-eabi/4.8.3/../../../../arm-none-eabi/lib/armv6-m/libc_s.a(lib_a-init.o)
                                                  /home/fido/.arduino15/packages/arduino/tools/arm-none-eabi-gcc/4.8.3-2014q1/bin/../lib/gcc/arm-none-eabi/4.8.3/../../../../arm-none-eabi/lib/armv6-m/crt0.o
__preinit_array_end                               /home/fido/.arduino15/packages/arduino/tools/arm-none-eabi-gcc/4.8.3-2014q1/bin/../lib/gcc/arm-none-eabi/4.8.3/../../../../arm-none-eabi/lib/armv6-m/libc_s.a(lib_a-init.o)
__preinit_array_start                             /home/fido/.arduino15/packages/arduino/tools/arm-none-eabi-gcc/4.8.3-2014q1/bin/../lib/gcc/arm-none-eabi/4.8.3/../../../../arm-none-eabi/lib/armv6-m/libc_s.a(lib_a-init.o)
__register_frame_info                             /home/fido/.arduino15/packages/arduino/tools/arm-none-eabi-gcc/4.8.3-2014q1/bin/../lib/gcc/arm-none-eabi/4.8.3/armv6-m/crtbegin.o
__sf_fake_stderr                                  /home/fido/.arduino15/packages/arduino/tools/arm-none-eabi-gcc/4.8.3-2014q1/bin/../lib/gcc/arm-none-eabi/4.8.3/../../../../arm-none-eabi/lib/armv6-m/libc_s.a(lib_a-impure.o)
__sf_fake_stdin                                   /home/fido/.arduino15/packages/arduino/tools/arm-none-eabi-gcc/4.8.3-2014q1/bin/../lib/gcc/arm-none-eabi/4.8.3/../../../../arm-none-eabi/lib/armv6-m/libc_s.a(lib_a-impure.o)
__sf_fake_stdout                                  /home/fido/.arduino15/packages/arduino/tools/arm-none-eabi-gcc/4.8.3-2014q1/bin/../lib/gcc/arm-none-eabi/4.8.3/../../../../arm-none-eabi/lib/armv6-m/libc_s.a(lib_a-impure.o)
__sketch_vectors_ptr                              build/main.o
__stack                                           /home/fido/.arduino15/packages/arduino/tools/arm-none-eabi-gcc/4.8.3-2014q1/bin/../lib/gcc/arm-none-eabi/4.8.3/../../../../arm-none-eabi/lib/armv6-m/crt0.o
_exit                                             /home/fido/.arduino15/packages/arduino/tools/arm-none-eabi-gcc/4.8.3-2014q1/bin/../lib/gcc/arm-none-eabi/4.8.3/../../../../arm-none-eabi/lib/armv6-m/libnosys.a(_exit.o)
                                                  /home/fido/.arduino15/packages/arduino/tools/arm-none-eabi-gcc/4.8.3-2014q1/bin/../lib/gcc/arm-none-eabi/4.8.3/../../../../arm-none-eabi/lib/armv6-m/libc_s.a(lib_a-exit.o)
_fini                                             /home/fido/.arduino15/packages/arduino/tools/arm-none-eabi-gcc/4.8.3-2014q1/bin/../lib/gcc/arm-none-eabi/4.8.3/armv6-m/crti.o
_global_impure_ptr                                /home/fido/.arduino15/packages/arduino/tools/arm-none-eabi-gcc/4.8.3-2014q1/bin/../lib/gcc/arm-none-eabi/4.8.3/../../../../arm-none-eabi/lib/armv6-m/libc_s.a(lib_a-impure.o)
                                                  /home/fido/.arduino15/packages/arduino/tools/arm-none-eabi-gcc/4.8.3-2014q1/bin/../lib/gcc/arm-none-eabi/4.8.3/../../../../arm-none-eabi/lib/armv6-m/libc_s.a(lib_a-exit.o)
_impure_ptr                                       /home/fido/.arduino15/packages/arduino/tools/arm-none-eabi-gcc/4.8.3-2014q1/bin/../lib/gcc/arm-none-eabi/4.8.3/../../../../arm-none-eabi/lib/armv6-m/libc_s.a(lib_a-impure.o)
_init                                             /home/fido/.arduino15/packages/arduino/tools/arm-none-eabi-gcc/4.8.3-2014q1/bin/../lib/gcc/arm-none-eabi/4.8.3/armv6-m/crti.o
                                                  /home/fido/.arduino15/packages/arduino/tools/arm-none-eabi-gcc/4.8.3-2014q1/bin/../lib/gcc/arm-none-eabi/4.8.3/../../../../arm-none-eabi/lib/armv6-m/libc_s.a(lib_a-init.o)
_mainCRTStartup                                   /home/fido/.arduino15/packages/arduino/tools/arm-none-eabi-gcc/4.8.3-2014q1/bin/../lib/gcc/arm-none-eabi/4.8.3/../../../../arm-none-eabi/lib/armv6-m/crt0.o
_start                                            /home/fido/.arduino15/packages/arduino/tools/arm-none-eabi-gcc/4.8.3-2014q1/bin/../lib/gcc/arm-none-eabi/4.8.3/../../../../arm-none-eabi/lib/armv6-m/crt0.o
atexit                                            /home/fido/.arduino15/packages/arduino/tools/arm-none-eabi-gcc/4.8.3-2014q1/bin/../lib/gcc/arm-none-eabi/4.8.3/../../../../arm-none-eabi/lib/armv6-m/crt0.o
b_sam_ba_interface_usart                          build/sam_ba_monitor.o
b_sharp_received                                  build/sam_ba_serial.o
b_terminal_mode                                   build/sam_ba_monitor.o
board_init                                        build/board_init.o
                                                  build/main.o
buffer_rx_usart                                   build/sam_ba_serial.o
buffer_tx_usart                                   build/sam_ba_serial.o
call_applet                                       build/sam_ba_monitor.o
cdc_getc                                          build/sam_ba_cdc.o
                                                  build/sam_ba_monitor.o
cdc_is_rx_ready                                   build/sam_ba_cdc.o
                                                  build/sam_ba_monitor.o
cdc_putc                                          build/sam_ba_cdc.o
                                                  build/sam_ba_monitor.o
cdc_read_buf                                      build/sam_ba_cdc.o
                                                  build/sam_ba_monitor.o
cdc_read_buf_xmd                                  build/sam_ba_cdc.o
                                                  build/sam_ba_monitor.o
cdc_write_buf                                     build/sam_ba_cdc.o
                                                  build/sam_ba_monitor.o
command                                           build/sam_ba_monitor.o
current_number                                    build/sam_ba_monitor.o
data                                              build/sam_ba_monitor.o
delayUs                                           build/util.o
                                                  build/main.o
                                                  build/board_driver_led.o
error_timeout                                     build/sam_ba_serial.o
exception_table                                   build/board_startup.o
exit                                              /home/fido/.arduino15/packages/arduino/tools/arm-none-eabi-gcc/4.8.3-2014q1/bin/../lib/gcc/arm-none-eabi/4.8.3/../../../../arm-none-eabi/lib/armv6-m/libc_s.a(lib_a-exit.o)
                                                  /home/fido/.arduino15/packages/arduino/tools/arm-none-eabi-gcc/4.8.3-2014q1/bin/../lib/gcc/arm-none-eabi/4.8.3/../../../../arm-none-eabi/lib/armv6-m/crt0.o
flashErase                                        build/util.o
                                                  build/sam_ba_monitor.o
flashWrite                                        build/util.o
                                                  build/sam_ba_monitor.o
hardware_init_hook                                /home/fido/.arduino15/packages/arduino/tools/arm-none-eabi-gcc/4.8.3-2014q1/bin/../lib/gcc/arm-none-eabi/4.8.3/../../../../arm-none-eabi/lib/armv6-m/crt0.o
i                                                 build/sam_ba_monitor.o
idx_rx_read                                       build/sam_ba_serial.o
idx_rx_write                                      build/sam_ba_serial.o
idx_tx_read                                       build/sam_ba_serial.o
idx_tx_write                                      build/sam_ba_serial.o
isPinActive                                       build/util.o
j                                                 build/sam_ba_monitor.o
ledDirection                                      build/board_driver_led.o
                                                  build/main.o
ledKeepValue                                      build/board_driver_led.o
ledTargetValue                                    build/board_driver_led.o
ledTargetValueMin                                 build/board_driver_led.o
length                                            build/sam_ba_monitor.o
line_coding                                       build/sam_ba_cdc.o
                                                  build/sam_ba_usb.o
main                                              build/main.o
                                                  build/board_startup.o
                                                  /home/fido/.arduino15/packages/arduino/tools/arm-none-eabi-gcc/4.8.3-2014q1/bin/../lib/gcc/arm-none-eabi/4.8.3/../../../../arm-none-eabi/lib/armv6-m/crt0.o
memcpy                                            /home/fido/.arduino15/packages/arduino/tools/arm-none-eabi-gcc/4.8.3-2014q1/bin/../lib/gcc/arm-none-eabi/4.8.3/../../../../arm-none-eabi/lib/armv6-m/libc_s.a(lib_a-memcpy-stub.o)
                                                  build/sam_ba_monitor.o
                                                  build/sam_ba_usb.o
                                                  build/board_driver_usb.o
memset                                            /home/fido/.arduino15/packages/arduino/tools/arm-none-eabi-gcc/4.8.3-2014q1/bin/../lib/gcc/arm-none-eabi/4.8.3/../../../../arm-none-eabi/lib/armv6-m/libc_s.a(lib_a-memset.o)
                                                  build/board_driver_usb.o
                                                  /home/fido/.arduino15/packages/arduino/tools/arm-none-eabi-gcc/4.8.3-2014q1/bin/../lib/gcc/arm-none-eabi/4.8.3/../../../../arm-none-eabi/lib/armv6-m/crt0.o
mode_of_transfer                                  build/sam_ba_serial.o
pinConfig                                         build/util.o
pinMux                                            build/util.o
                                                  build/sam_ba_serial.o
                                                  build/board_driver_usb.o
ptr                                               build/sam_ba_monitor.o
ptr_data                                          build/sam_ba_monitor.o
ptr_monitor_if                                    build/sam_ba_monitor.o
sam_ba_cdc                                        build/sam_ba_cdc.o
                                                  build/sam_ba_usb.o
sam_ba_monitor_init                               build/sam_ba_monitor.o
                                                  build/main.o
sam_ba_monitor_run                                build/sam_ba_monitor.o
                                                  build/main.o
sam_ba_monitor_sys_tick                           build/sam_ba_monitor.o
                                                  build/main.o
sam_ba_putdata_term                               build/sam_ba_monitor.o
sam_ba_usb_CDC_Enumerate                          build/sam_ba_usb.o
                                                  build/board_driver_usb.o
serial_add_crc                                    build/sam_ba_serial.o
                                                  build/sam_ba_monitor.o
serial_close                                      build/sam_ba_serial.o
serial_getc                                       build/sam_ba_serial.o
serial_getdata                                    build/sam_ba_serial.o
serial_getdata_xmd                                build/sam_ba_serial.o
serial_is_rx_ready                                build/sam_ba_serial.o
serial_open                                       build/sam_ba_serial.o
serial_putc                                       build/sam_ba_serial.o
serial_putdata                                    build/sam_ba_serial.o
serial_putdata_xmd                                build/sam_ba_serial.o
serial_readc                                      build/sam_ba_serial.o
serial_sharp_received                             build/sam_ba_serial.o
size_of_data                                      build/sam_ba_serial.o
software_init_hook                                /home/fido/.arduino15/packages/arduino/tools/arm-none-eabi-gcc/4.8.3-2014q1/bin/../lib/gcc/arm-none-eabi/4.8.3/../../../../arm-none-eabi/lib/armv6-m/crt0.o
sp                                                build/sam_ba_monitor.o
strlen                                            /home/fido/.arduino15/packages/arduino/tools/arm-none-eabi-gcc/4.8.3-2014q1/bin/../lib/gcc/arm-none-eabi/4.8.3/../../../../arm-none-eabi/lib/armv6-m/libc_s.a(lib_a-strlen.o)
                                                  build/sam_ba_usb.o
systemReset                                       build/util.o
u32tmp                                            build/sam_ba_monitor.o
uart_basic_init                                   build/board_driver_serial.o
                                                  build/sam_ba_serial.o
uart_disable                                      build/board_driver_serial.o
                                                  build/sam_ba_serial.o
uart_drv_error_flag                               build/board_driver_serial.o
uart_read_buffer_polled                           build/board_driver_serial.o
uart_read_byte                                    build/board_driver_serial.o
                                                  build/sam_ba_serial.o
uart_write_buffer_polled                          build/board_driver_serial.o
uart_write_byte                                   build/board_driver_serial.o
                                                  build/sam_ba_serial.o
udd_ep_in_cache_buffer                            build/board_driver_usb.o
udd_ep_out_cache_buffer                           build/sam_ba_usb.o
                                                  build/board_driver_usb.o
usb_endpoint_table                                build/board_driver_usb.o
usb_init                                          build/sam_ba_usb.o
                                                  build/main.o
usbcdc_if                                         build/sam_ba_monitor.o
waitForDFLL                                       build/board_init.o
waitForPLL                                        build/board_init.o
waitForSync                                       build/util.o
                                                  build/board_init.o
